Created by PLY version 3.11 (http://www.dabeaz.com/ply)

Grammar

Rule 0     S' -> programa
Rule 1     programa -> expresion
Rule 2     programa -> programa FIN_EXPR expresion
Rule 3     expresion -> secuencia
Rule 4     expresion -> CONTEXTO secuencia
Rule 5     expresion -> expresion O secuencia
Rule 6     secuencia -> termino
Rule 7     secuencia -> secuencia MAS termino
Rule 8     termino -> token_base
Rule 9     termino -> NEG termino
Rule 10    termino -> termino URGENTE
Rule 11    termino -> LPAREN expresion RPAREN
Rule 12    termino -> LPAREN expresion RPAREN URGENTE
Rule 13    termino -> LPAREN expresion error
Rule 14    termino -> LPAREN RPAREN
Rule 15    token_base -> MMM
Rule 16    token_base -> ATA
Rule 17    token_base -> AAH
Rule 18    token_base -> UUH
Rule 19    token_base -> OH
Rule 20    token_base -> SHH
Rule 21    token_base -> UFF
Rule 22    token_base -> AY
Rule 23    token_base -> ANA
Rule 24    token_base -> BAH
Rule 25    token_base -> PFF
Rule 26    token_base -> SENALA
Rule 27    token_base -> PALMA_ARRIBA
Rule 28    token_base -> PALMA_ABAJO
Rule 29    token_base -> PUNO
Rule 30    token_base -> MANO_ABIERTA
Rule 31    token_base -> TOCA
Rule 32    token_base -> AGITA
Rule 33    token_base -> APUNTA_SI
Rule 34    token_base -> JUNTA_DEDOS
Rule 35    token_base -> SEPARA_MANOS
Rule 36    token_base -> DEDOINDICE_BOCA
Rule 37    token_base -> MUEVE_PULGARES
Rule 38    token_base -> MANO_DERECHA_A_IZQUIERDA
Rule 39    token_base -> MANOS_PALMAS_HACIA_ARRIBA
Rule 40    token_base -> SONIDO_LARGO
Rule 41    token_base -> SONIDO_CORTO
Rule 42    token_base -> SONIDO_REPETIDO
Rule 43    token_base -> SONIDO_AGUDO
Rule 44    token_base -> SONIDO_GRAVE
Rule 45    token_base -> SONIDO_SUAVE
Rule 46    token_base -> SONIDO_RONQUIDO
Rule 47    token_base -> CABEZA_SI
Rule 48    token_base -> CABEZA_NO
Rule 49    token_base -> CABEZA_LADO
Rule 50    token_base -> INCLINA_CUERPO
Rule 51    token_base -> ACERCA_CUERPO
Rule 52    token_base -> ALEJA_CUERPO
Rule 53    token_base -> SENALA_PROPIO
Rule 54    token_base -> SENALA_EXTERNO
Rule 55    token_base -> ENCOGE_HOMBROS
Rule 56    token_base -> LEVANTA_BRAZO
Rule 57    token_base -> CIERRA_OJOS
Rule 58    token_base -> ABRE_OJOS
Rule 59    token_base -> FRUNCE_CENO
Rule 60    token_base -> SONRIE
Rule 61    token_base -> LLANTO
Rule 62    token_base -> BOCA_ABIERTA
Rule 63    token_base -> MIRA_ARRIBA
Rule 64    token_base -> MIRA_ABAJO
Rule 65    token_base -> MIRA_OBJETO
Rule 66    token_base -> PARPADEO_RAPIDO
Rule 67    token_base -> RAPIDO
Rule 68    token_base -> LENTO
Rule 69    token_base -> DOBLE
Rule 70    token_base -> TRIPLE
Rule 71    token_base -> PAUSA
Rule 72    secuencia -> secuencia MAS error

Terminals, with rules where they appear

AAH                  : 17
ABRE_OJOS            : 58
ACERCA_CUERPO        : 51
AGITA                : 32
ALEJA_CUERPO         : 52
ANA                  : 23
APUNTA_SI            : 33
ATA                  : 16
AY                   : 22
BAH                  : 24
BOCA_ABIERTA         : 62
CABEZA_LADO          : 49
CABEZA_NO            : 48
CABEZA_SI            : 47
CIERRA_OJOS          : 57
CONTEXTO             : 4
DEDOINDICE_BOCA      : 36
DOBLE                : 69
ENCOGE_HOMBROS       : 55
FIN_EXPR             : 2
FRUNCE_CENO          : 59
INCLINA_CUERPO       : 50
JUNTA_DEDOS          : 34
LENTO                : 68
LEVANTA_BRAZO        : 56
LLANTO               : 61
LPAREN               : 11 12 13 14
MANOS_PALMAS_HACIA_ARRIBA : 39
MANO_ABIERTA         : 30
MANO_DERECHA_A_IZQUIERDA : 38
MAS                  : 7 72
MIRA_ABAJO           : 64
MIRA_ARRIBA          : 63
MIRA_OBJETO          : 65
MMM                  : 15
MUEVE_PULGARES       : 37
NEG                  : 9
O                    : 5
OH                   : 19
PALMA_ABAJO          : 28
PALMA_ARRIBA         : 27
PARPADEO_RAPIDO      : 66
PAUSA                : 71
PFF                  : 25
PUNO                 : 29
RAPIDO               : 67
RPAREN               : 11 12 14
SENALA               : 26
SENALA_EXTERNO       : 54
SENALA_PROPIO        : 53
SEPARA_MANOS         : 35
SHH                  : 20
SONIDO_AGUDO         : 43
SONIDO_CORTO         : 41
SONIDO_GRAVE         : 44
SONIDO_LARGO         : 40
SONIDO_REPETIDO      : 42
SONIDO_RONQUIDO      : 46
SONIDO_SUAVE         : 45
SONRIE               : 60
TOCA                 : 31
TRIPLE               : 70
UFF                  : 21
URGENTE              : 10 12
UUH                  : 18
error                : 13 72

Nonterminals, with rules where they appear

expresion            : 1 2 5 11 12 13
programa             : 2 0
secuencia            : 3 4 5 7 72
termino              : 6 7 9 10
token_base           : 8

Parsing method: LALR

state 0

    (0) S' -> . programa
    (1) programa -> . expresion
    (2) programa -> . programa FIN_EXPR expresion
    (3) expresion -> . secuencia
    (4) expresion -> . CONTEXTO secuencia
    (5) expresion -> . expresion O secuencia
    (6) secuencia -> . termino
    (7) secuencia -> . secuencia MAS termino
    (72) secuencia -> . secuencia MAS error
    (8) termino -> . token_base
    (9) termino -> . NEG termino
    (10) termino -> . termino URGENTE
    (11) termino -> . LPAREN expresion RPAREN
    (12) termino -> . LPAREN expresion RPAREN URGENTE
    (13) termino -> . LPAREN expresion error
    (14) termino -> . LPAREN RPAREN
    (15) token_base -> . MMM
    (16) token_base -> . ATA
    (17) token_base -> . AAH
    (18) token_base -> . UUH
    (19) token_base -> . OH
    (20) token_base -> . SHH
    (21) token_base -> . UFF
    (22) token_base -> . AY
    (23) token_base -> . ANA
    (24) token_base -> . BAH
    (25) token_base -> . PFF
    (26) token_base -> . SENALA
    (27) token_base -> . PALMA_ARRIBA
    (28) token_base -> . PALMA_ABAJO
    (29) token_base -> . PUNO
    (30) token_base -> . MANO_ABIERTA
    (31) token_base -> . TOCA
    (32) token_base -> . AGITA
    (33) token_base -> . APUNTA_SI
    (34) token_base -> . JUNTA_DEDOS
    (35) token_base -> . SEPARA_MANOS
    (36) token_base -> . DEDOINDICE_BOCA
    (37) token_base -> . MUEVE_PULGARES
    (38) token_base -> . MANO_DERECHA_A_IZQUIERDA
    (39) token_base -> . MANOS_PALMAS_HACIA_ARRIBA
    (40) token_base -> . SONIDO_LARGO
    (41) token_base -> . SONIDO_CORTO
    (42) token_base -> . SONIDO_REPETIDO
    (43) token_base -> . SONIDO_AGUDO
    (44) token_base -> . SONIDO_GRAVE
    (45) token_base -> . SONIDO_SUAVE
    (46) token_base -> . SONIDO_RONQUIDO
    (47) token_base -> . CABEZA_SI
    (48) token_base -> . CABEZA_NO
    (49) token_base -> . CABEZA_LADO
    (50) token_base -> . INCLINA_CUERPO
    (51) token_base -> . ACERCA_CUERPO
    (52) token_base -> . ALEJA_CUERPO
    (53) token_base -> . SENALA_PROPIO
    (54) token_base -> . SENALA_EXTERNO
    (55) token_base -> . ENCOGE_HOMBROS
    (56) token_base -> . LEVANTA_BRAZO
    (57) token_base -> . CIERRA_OJOS
    (58) token_base -> . ABRE_OJOS
    (59) token_base -> . FRUNCE_CENO
    (60) token_base -> . SONRIE
    (61) token_base -> . LLANTO
    (62) token_base -> . BOCA_ABIERTA
    (63) token_base -> . MIRA_ARRIBA
    (64) token_base -> . MIRA_ABAJO
    (65) token_base -> . MIRA_OBJETO
    (66) token_base -> . PARPADEO_RAPIDO
    (67) token_base -> . RAPIDO
    (68) token_base -> . LENTO
    (69) token_base -> . DOBLE
    (70) token_base -> . TRIPLE
    (71) token_base -> . PAUSA

    CONTEXTO        shift and go to state 4
    NEG             shift and go to state 7
    LPAREN          shift and go to state 8
    MMM             shift and go to state 9
    ATA             shift and go to state 10
    AAH             shift and go to state 11
    UUH             shift and go to state 12
    OH              shift and go to state 13
    SHH             shift and go to state 14
    UFF             shift and go to state 15
    AY              shift and go to state 16
    ANA             shift and go to state 17
    BAH             shift and go to state 18
    PFF             shift and go to state 19
    SENALA          shift and go to state 20
    PALMA_ARRIBA    shift and go to state 21
    PALMA_ABAJO     shift and go to state 22
    PUNO            shift and go to state 23
    MANO_ABIERTA    shift and go to state 24
    TOCA            shift and go to state 25
    AGITA           shift and go to state 26
    APUNTA_SI       shift and go to state 27
    JUNTA_DEDOS     shift and go to state 28
    SEPARA_MANOS    shift and go to state 29
    DEDOINDICE_BOCA shift and go to state 30
    MUEVE_PULGARES  shift and go to state 31
    MANO_DERECHA_A_IZQUIERDA shift and go to state 32
    MANOS_PALMAS_HACIA_ARRIBA shift and go to state 33
    SONIDO_LARGO    shift and go to state 34
    SONIDO_CORTO    shift and go to state 35
    SONIDO_REPETIDO shift and go to state 36
    SONIDO_AGUDO    shift and go to state 37
    SONIDO_GRAVE    shift and go to state 38
    SONIDO_SUAVE    shift and go to state 39
    SONIDO_RONQUIDO shift and go to state 40
    CABEZA_SI       shift and go to state 41
    CABEZA_NO       shift and go to state 42
    CABEZA_LADO     shift and go to state 43
    INCLINA_CUERPO  shift and go to state 44
    ACERCA_CUERPO   shift and go to state 45
    ALEJA_CUERPO    shift and go to state 46
    SENALA_PROPIO   shift and go to state 47
    SENALA_EXTERNO  shift and go to state 48
    ENCOGE_HOMBROS  shift and go to state 49
    LEVANTA_BRAZO   shift and go to state 50
    CIERRA_OJOS     shift and go to state 51
    ABRE_OJOS       shift and go to state 52
    FRUNCE_CENO     shift and go to state 53
    SONRIE          shift and go to state 54
    LLANTO          shift and go to state 55
    BOCA_ABIERTA    shift and go to state 56
    MIRA_ARRIBA     shift and go to state 57
    MIRA_ABAJO      shift and go to state 58
    MIRA_OBJETO     shift and go to state 59
    PARPADEO_RAPIDO shift and go to state 60
    RAPIDO          shift and go to state 61
    LENTO           shift and go to state 62
    DOBLE           shift and go to state 63
    TRIPLE          shift and go to state 64
    PAUSA           shift and go to state 65

    programa                       shift and go to state 1
    expresion                      shift and go to state 2
    secuencia                      shift and go to state 3
    termino                        shift and go to state 5
    token_base                     shift and go to state 6

state 1

    (0) S' -> programa .
    (2) programa -> programa . FIN_EXPR expresion

    FIN_EXPR        shift and go to state 66


state 2

    (1) programa -> expresion .
    (5) expresion -> expresion . O secuencia

    FIN_EXPR        reduce using rule 1 (programa -> expresion .)
    $end            reduce using rule 1 (programa -> expresion .)
    O               shift and go to state 67


state 3

    (3) expresion -> secuencia .
    (7) secuencia -> secuencia . MAS termino
    (72) secuencia -> secuencia . MAS error

    O               reduce using rule 3 (expresion -> secuencia .)
    FIN_EXPR        reduce using rule 3 (expresion -> secuencia .)
    $end            reduce using rule 3 (expresion -> secuencia .)
    RPAREN          reduce using rule 3 (expresion -> secuencia .)
    error           reduce using rule 3 (expresion -> secuencia .)
    MAS             shift and go to state 68


state 4

    (4) expresion -> CONTEXTO . secuencia
    (6) secuencia -> . termino
    (7) secuencia -> . secuencia MAS termino
    (72) secuencia -> . secuencia MAS error
    (8) termino -> . token_base
    (9) termino -> . NEG termino
    (10) termino -> . termino URGENTE
    (11) termino -> . LPAREN expresion RPAREN
    (12) termino -> . LPAREN expresion RPAREN URGENTE
    (13) termino -> . LPAREN expresion error
    (14) termino -> . LPAREN RPAREN
    (15) token_base -> . MMM
    (16) token_base -> . ATA
    (17) token_base -> . AAH
    (18) token_base -> . UUH
    (19) token_base -> . OH
    (20) token_base -> . SHH
    (21) token_base -> . UFF
    (22) token_base -> . AY
    (23) token_base -> . ANA
    (24) token_base -> . BAH
    (25) token_base -> . PFF
    (26) token_base -> . SENALA
    (27) token_base -> . PALMA_ARRIBA
    (28) token_base -> . PALMA_ABAJO
    (29) token_base -> . PUNO
    (30) token_base -> . MANO_ABIERTA
    (31) token_base -> . TOCA
    (32) token_base -> . AGITA
    (33) token_base -> . APUNTA_SI
    (34) token_base -> . JUNTA_DEDOS
    (35) token_base -> . SEPARA_MANOS
    (36) token_base -> . DEDOINDICE_BOCA
    (37) token_base -> . MUEVE_PULGARES
    (38) token_base -> . MANO_DERECHA_A_IZQUIERDA
    (39) token_base -> . MANOS_PALMAS_HACIA_ARRIBA
    (40) token_base -> . SONIDO_LARGO
    (41) token_base -> . SONIDO_CORTO
    (42) token_base -> . SONIDO_REPETIDO
    (43) token_base -> . SONIDO_AGUDO
    (44) token_base -> . SONIDO_GRAVE
    (45) token_base -> . SONIDO_SUAVE
    (46) token_base -> . SONIDO_RONQUIDO
    (47) token_base -> . CABEZA_SI
    (48) token_base -> . CABEZA_NO
    (49) token_base -> . CABEZA_LADO
    (50) token_base -> . INCLINA_CUERPO
    (51) token_base -> . ACERCA_CUERPO
    (52) token_base -> . ALEJA_CUERPO
    (53) token_base -> . SENALA_PROPIO
    (54) token_base -> . SENALA_EXTERNO
    (55) token_base -> . ENCOGE_HOMBROS
    (56) token_base -> . LEVANTA_BRAZO
    (57) token_base -> . CIERRA_OJOS
    (58) token_base -> . ABRE_OJOS
    (59) token_base -> . FRUNCE_CENO
    (60) token_base -> . SONRIE
    (61) token_base -> . LLANTO
    (62) token_base -> . BOCA_ABIERTA
    (63) token_base -> . MIRA_ARRIBA
    (64) token_base -> . MIRA_ABAJO
    (65) token_base -> . MIRA_OBJETO
    (66) token_base -> . PARPADEO_RAPIDO
    (67) token_base -> . RAPIDO
    (68) token_base -> . LENTO
    (69) token_base -> . DOBLE
    (70) token_base -> . TRIPLE
    (71) token_base -> . PAUSA

    NEG             shift and go to state 7
    LPAREN          shift and go to state 8
    MMM             shift and go to state 9
    ATA             shift and go to state 10
    AAH             shift and go to state 11
    UUH             shift and go to state 12
    OH              shift and go to state 13
    SHH             shift and go to state 14
    UFF             shift and go to state 15
    AY              shift and go to state 16
    ANA             shift and go to state 17
    BAH             shift and go to state 18
    PFF             shift and go to state 19
    SENALA          shift and go to state 20
    PALMA_ARRIBA    shift and go to state 21
    PALMA_ABAJO     shift and go to state 22
    PUNO            shift and go to state 23
    MANO_ABIERTA    shift and go to state 24
    TOCA            shift and go to state 25
    AGITA           shift and go to state 26
    APUNTA_SI       shift and go to state 27
    JUNTA_DEDOS     shift and go to state 28
    SEPARA_MANOS    shift and go to state 29
    DEDOINDICE_BOCA shift and go to state 30
    MUEVE_PULGARES  shift and go to state 31
    MANO_DERECHA_A_IZQUIERDA shift and go to state 32
    MANOS_PALMAS_HACIA_ARRIBA shift and go to state 33
    SONIDO_LARGO    shift and go to state 34
    SONIDO_CORTO    shift and go to state 35
    SONIDO_REPETIDO shift and go to state 36
    SONIDO_AGUDO    shift and go to state 37
    SONIDO_GRAVE    shift and go to state 38
    SONIDO_SUAVE    shift and go to state 39
    SONIDO_RONQUIDO shift and go to state 40
    CABEZA_SI       shift and go to state 41
    CABEZA_NO       shift and go to state 42
    CABEZA_LADO     shift and go to state 43
    INCLINA_CUERPO  shift and go to state 44
    ACERCA_CUERPO   shift and go to state 45
    ALEJA_CUERPO    shift and go to state 46
    SENALA_PROPIO   shift and go to state 47
    SENALA_EXTERNO  shift and go to state 48
    ENCOGE_HOMBROS  shift and go to state 49
    LEVANTA_BRAZO   shift and go to state 50
    CIERRA_OJOS     shift and go to state 51
    ABRE_OJOS       shift and go to state 52
    FRUNCE_CENO     shift and go to state 53
    SONRIE          shift and go to state 54
    LLANTO          shift and go to state 55
    BOCA_ABIERTA    shift and go to state 56
    MIRA_ARRIBA     shift and go to state 57
    MIRA_ABAJO      shift and go to state 58
    MIRA_OBJETO     shift and go to state 59
    PARPADEO_RAPIDO shift and go to state 60
    RAPIDO          shift and go to state 61
    LENTO           shift and go to state 62
    DOBLE           shift and go to state 63
    TRIPLE          shift and go to state 64
    PAUSA           shift and go to state 65

    secuencia                      shift and go to state 69
    termino                        shift and go to state 5
    token_base                     shift and go to state 6

state 5

    (6) secuencia -> termino .
    (10) termino -> termino . URGENTE

    MAS             reduce using rule 6 (secuencia -> termino .)
    O               reduce using rule 6 (secuencia -> termino .)
    FIN_EXPR        reduce using rule 6 (secuencia -> termino .)
    $end            reduce using rule 6 (secuencia -> termino .)
    RPAREN          reduce using rule 6 (secuencia -> termino .)
    error           reduce using rule 6 (secuencia -> termino .)
    URGENTE         shift and go to state 70


state 6

    (8) termino -> token_base .

    URGENTE         reduce using rule 8 (termino -> token_base .)
    MAS             reduce using rule 8 (termino -> token_base .)
    O               reduce using rule 8 (termino -> token_base .)
    FIN_EXPR        reduce using rule 8 (termino -> token_base .)
    $end            reduce using rule 8 (termino -> token_base .)
    RPAREN          reduce using rule 8 (termino -> token_base .)
    error           reduce using rule 8 (termino -> token_base .)


state 7

    (9) termino -> NEG . termino
    (8) termino -> . token_base
    (9) termino -> . NEG termino
    (10) termino -> . termino URGENTE
    (11) termino -> . LPAREN expresion RPAREN
    (12) termino -> . LPAREN expresion RPAREN URGENTE
    (13) termino -> . LPAREN expresion error
    (14) termino -> . LPAREN RPAREN
    (15) token_base -> . MMM
    (16) token_base -> . ATA
    (17) token_base -> . AAH
    (18) token_base -> . UUH
    (19) token_base -> . OH
    (20) token_base -> . SHH
    (21) token_base -> . UFF
    (22) token_base -> . AY
    (23) token_base -> . ANA
    (24) token_base -> . BAH
    (25) token_base -> . PFF
    (26) token_base -> . SENALA
    (27) token_base -> . PALMA_ARRIBA
    (28) token_base -> . PALMA_ABAJO
    (29) token_base -> . PUNO
    (30) token_base -> . MANO_ABIERTA
    (31) token_base -> . TOCA
    (32) token_base -> . AGITA
    (33) token_base -> . APUNTA_SI
    (34) token_base -> . JUNTA_DEDOS
    (35) token_base -> . SEPARA_MANOS
    (36) token_base -> . DEDOINDICE_BOCA
    (37) token_base -> . MUEVE_PULGARES
    (38) token_base -> . MANO_DERECHA_A_IZQUIERDA
    (39) token_base -> . MANOS_PALMAS_HACIA_ARRIBA
    (40) token_base -> . SONIDO_LARGO
    (41) token_base -> . SONIDO_CORTO
    (42) token_base -> . SONIDO_REPETIDO
    (43) token_base -> . SONIDO_AGUDO
    (44) token_base -> . SONIDO_GRAVE
    (45) token_base -> . SONIDO_SUAVE
    (46) token_base -> . SONIDO_RONQUIDO
    (47) token_base -> . CABEZA_SI
    (48) token_base -> . CABEZA_NO
    (49) token_base -> . CABEZA_LADO
    (50) token_base -> . INCLINA_CUERPO
    (51) token_base -> . ACERCA_CUERPO
    (52) token_base -> . ALEJA_CUERPO
    (53) token_base -> . SENALA_PROPIO
    (54) token_base -> . SENALA_EXTERNO
    (55) token_base -> . ENCOGE_HOMBROS
    (56) token_base -> . LEVANTA_BRAZO
    (57) token_base -> . CIERRA_OJOS
    (58) token_base -> . ABRE_OJOS
    (59) token_base -> . FRUNCE_CENO
    (60) token_base -> . SONRIE
    (61) token_base -> . LLANTO
    (62) token_base -> . BOCA_ABIERTA
    (63) token_base -> . MIRA_ARRIBA
    (64) token_base -> . MIRA_ABAJO
    (65) token_base -> . MIRA_OBJETO
    (66) token_base -> . PARPADEO_RAPIDO
    (67) token_base -> . RAPIDO
    (68) token_base -> . LENTO
    (69) token_base -> . DOBLE
    (70) token_base -> . TRIPLE
    (71) token_base -> . PAUSA

    NEG             shift and go to state 7
    LPAREN          shift and go to state 8
    MMM             shift and go to state 9
    ATA             shift and go to state 10
    AAH             shift and go to state 11
    UUH             shift and go to state 12
    OH              shift and go to state 13
    SHH             shift and go to state 14
    UFF             shift and go to state 15
    AY              shift and go to state 16
    ANA             shift and go to state 17
    BAH             shift and go to state 18
    PFF             shift and go to state 19
    SENALA          shift and go to state 20
    PALMA_ARRIBA    shift and go to state 21
    PALMA_ABAJO     shift and go to state 22
    PUNO            shift and go to state 23
    MANO_ABIERTA    shift and go to state 24
    TOCA            shift and go to state 25
    AGITA           shift and go to state 26
    APUNTA_SI       shift and go to state 27
    JUNTA_DEDOS     shift and go to state 28
    SEPARA_MANOS    shift and go to state 29
    DEDOINDICE_BOCA shift and go to state 30
    MUEVE_PULGARES  shift and go to state 31
    MANO_DERECHA_A_IZQUIERDA shift and go to state 32
    MANOS_PALMAS_HACIA_ARRIBA shift and go to state 33
    SONIDO_LARGO    shift and go to state 34
    SONIDO_CORTO    shift and go to state 35
    SONIDO_REPETIDO shift and go to state 36
    SONIDO_AGUDO    shift and go to state 37
    SONIDO_GRAVE    shift and go to state 38
    SONIDO_SUAVE    shift and go to state 39
    SONIDO_RONQUIDO shift and go to state 40
    CABEZA_SI       shift and go to state 41
    CABEZA_NO       shift and go to state 42
    CABEZA_LADO     shift and go to state 43
    INCLINA_CUERPO  shift and go to state 44
    ACERCA_CUERPO   shift and go to state 45
    ALEJA_CUERPO    shift and go to state 46
    SENALA_PROPIO   shift and go to state 47
    SENALA_EXTERNO  shift and go to state 48
    ENCOGE_HOMBROS  shift and go to state 49
    LEVANTA_BRAZO   shift and go to state 50
    CIERRA_OJOS     shift and go to state 51
    ABRE_OJOS       shift and go to state 52
    FRUNCE_CENO     shift and go to state 53
    SONRIE          shift and go to state 54
    LLANTO          shift and go to state 55
    BOCA_ABIERTA    shift and go to state 56
    MIRA_ARRIBA     shift and go to state 57
    MIRA_ABAJO      shift and go to state 58
    MIRA_OBJETO     shift and go to state 59
    PARPADEO_RAPIDO shift and go to state 60
    RAPIDO          shift and go to state 61
    LENTO           shift and go to state 62
    DOBLE           shift and go to state 63
    TRIPLE          shift and go to state 64
    PAUSA           shift and go to state 65

    termino                        shift and go to state 71
    token_base                     shift and go to state 6

state 8

    (11) termino -> LPAREN . expresion RPAREN
    (12) termino -> LPAREN . expresion RPAREN URGENTE
    (13) termino -> LPAREN . expresion error
    (14) termino -> LPAREN . RPAREN
    (3) expresion -> . secuencia
    (4) expresion -> . CONTEXTO secuencia
    (5) expresion -> . expresion O secuencia
    (6) secuencia -> . termino
    (7) secuencia -> . secuencia MAS termino
    (72) secuencia -> . secuencia MAS error
    (8) termino -> . token_base
    (9) termino -> . NEG termino
    (10) termino -> . termino URGENTE
    (11) termino -> . LPAREN expresion RPAREN
    (12) termino -> . LPAREN expresion RPAREN URGENTE
    (13) termino -> . LPAREN expresion error
    (14) termino -> . LPAREN RPAREN
    (15) token_base -> . MMM
    (16) token_base -> . ATA
    (17) token_base -> . AAH
    (18) token_base -> . UUH
    (19) token_base -> . OH
    (20) token_base -> . SHH
    (21) token_base -> . UFF
    (22) token_base -> . AY
    (23) token_base -> . ANA
    (24) token_base -> . BAH
    (25) token_base -> . PFF
    (26) token_base -> . SENALA
    (27) token_base -> . PALMA_ARRIBA
    (28) token_base -> . PALMA_ABAJO
    (29) token_base -> . PUNO
    (30) token_base -> . MANO_ABIERTA
    (31) token_base -> . TOCA
    (32) token_base -> . AGITA
    (33) token_base -> . APUNTA_SI
    (34) token_base -> . JUNTA_DEDOS
    (35) token_base -> . SEPARA_MANOS
    (36) token_base -> . DEDOINDICE_BOCA
    (37) token_base -> . MUEVE_PULGARES
    (38) token_base -> . MANO_DERECHA_A_IZQUIERDA
    (39) token_base -> . MANOS_PALMAS_HACIA_ARRIBA
    (40) token_base -> . SONIDO_LARGO
    (41) token_base -> . SONIDO_CORTO
    (42) token_base -> . SONIDO_REPETIDO
    (43) token_base -> . SONIDO_AGUDO
    (44) token_base -> . SONIDO_GRAVE
    (45) token_base -> . SONIDO_SUAVE
    (46) token_base -> . SONIDO_RONQUIDO
    (47) token_base -> . CABEZA_SI
    (48) token_base -> . CABEZA_NO
    (49) token_base -> . CABEZA_LADO
    (50) token_base -> . INCLINA_CUERPO
    (51) token_base -> . ACERCA_CUERPO
    (52) token_base -> . ALEJA_CUERPO
    (53) token_base -> . SENALA_PROPIO
    (54) token_base -> . SENALA_EXTERNO
    (55) token_base -> . ENCOGE_HOMBROS
    (56) token_base -> . LEVANTA_BRAZO
    (57) token_base -> . CIERRA_OJOS
    (58) token_base -> . ABRE_OJOS
    (59) token_base -> . FRUNCE_CENO
    (60) token_base -> . SONRIE
    (61) token_base -> . LLANTO
    (62) token_base -> . BOCA_ABIERTA
    (63) token_base -> . MIRA_ARRIBA
    (64) token_base -> . MIRA_ABAJO
    (65) token_base -> . MIRA_OBJETO
    (66) token_base -> . PARPADEO_RAPIDO
    (67) token_base -> . RAPIDO
    (68) token_base -> . LENTO
    (69) token_base -> . DOBLE
    (70) token_base -> . TRIPLE
    (71) token_base -> . PAUSA

    RPAREN          shift and go to state 73
    CONTEXTO        shift and go to state 4
    NEG             shift and go to state 7
    LPAREN          shift and go to state 8
    MMM             shift and go to state 9
    ATA             shift and go to state 10
    AAH             shift and go to state 11
    UUH             shift and go to state 12
    OH              shift and go to state 13
    SHH             shift and go to state 14
    UFF             shift and go to state 15
    AY              shift and go to state 16
    ANA             shift and go to state 17
    BAH             shift and go to state 18
    PFF             shift and go to state 19
    SENALA          shift and go to state 20
    PALMA_ARRIBA    shift and go to state 21
    PALMA_ABAJO     shift and go to state 22
    PUNO            shift and go to state 23
    MANO_ABIERTA    shift and go to state 24
    TOCA            shift and go to state 25
    AGITA           shift and go to state 26
    APUNTA_SI       shift and go to state 27
    JUNTA_DEDOS     shift and go to state 28
    SEPARA_MANOS    shift and go to state 29
    DEDOINDICE_BOCA shift and go to state 30
    MUEVE_PULGARES  shift and go to state 31
    MANO_DERECHA_A_IZQUIERDA shift and go to state 32
    MANOS_PALMAS_HACIA_ARRIBA shift and go to state 33
    SONIDO_LARGO    shift and go to state 34
    SONIDO_CORTO    shift and go to state 35
    SONIDO_REPETIDO shift and go to state 36
    SONIDO_AGUDO    shift and go to state 37
    SONIDO_GRAVE    shift and go to state 38
    SONIDO_SUAVE    shift and go to state 39
    SONIDO_RONQUIDO shift and go to state 40
    CABEZA_SI       shift and go to state 41
    CABEZA_NO       shift and go to state 42
    CABEZA_LADO     shift and go to state 43
    INCLINA_CUERPO  shift and go to state 44
    ACERCA_CUERPO   shift and go to state 45
    ALEJA_CUERPO    shift and go to state 46
    SENALA_PROPIO   shift and go to state 47
    SENALA_EXTERNO  shift and go to state 48
    ENCOGE_HOMBROS  shift and go to state 49
    LEVANTA_BRAZO   shift and go to state 50
    CIERRA_OJOS     shift and go to state 51
    ABRE_OJOS       shift and go to state 52
    FRUNCE_CENO     shift and go to state 53
    SONRIE          shift and go to state 54
    LLANTO          shift and go to state 55
    BOCA_ABIERTA    shift and go to state 56
    MIRA_ARRIBA     shift and go to state 57
    MIRA_ABAJO      shift and go to state 58
    MIRA_OBJETO     shift and go to state 59
    PARPADEO_RAPIDO shift and go to state 60
    RAPIDO          shift and go to state 61
    LENTO           shift and go to state 62
    DOBLE           shift and go to state 63
    TRIPLE          shift and go to state 64
    PAUSA           shift and go to state 65

    expresion                      shift and go to state 72
    secuencia                      shift and go to state 3
    termino                        shift and go to state 5
    token_base                     shift and go to state 6

state 9

    (15) token_base -> MMM .

    URGENTE         reduce using rule 15 (token_base -> MMM .)
    MAS             reduce using rule 15 (token_base -> MMM .)
    O               reduce using rule 15 (token_base -> MMM .)
    FIN_EXPR        reduce using rule 15 (token_base -> MMM .)
    $end            reduce using rule 15 (token_base -> MMM .)
    RPAREN          reduce using rule 15 (token_base -> MMM .)
    error           reduce using rule 15 (token_base -> MMM .)


state 10

    (16) token_base -> ATA .

    URGENTE         reduce using rule 16 (token_base -> ATA .)
    MAS             reduce using rule 16 (token_base -> ATA .)
    O               reduce using rule 16 (token_base -> ATA .)
    FIN_EXPR        reduce using rule 16 (token_base -> ATA .)
    $end            reduce using rule 16 (token_base -> ATA .)
    RPAREN          reduce using rule 16 (token_base -> ATA .)
    error           reduce using rule 16 (token_base -> ATA .)


state 11

    (17) token_base -> AAH .

    URGENTE         reduce using rule 17 (token_base -> AAH .)
    MAS             reduce using rule 17 (token_base -> AAH .)
    O               reduce using rule 17 (token_base -> AAH .)
    FIN_EXPR        reduce using rule 17 (token_base -> AAH .)
    $end            reduce using rule 17 (token_base -> AAH .)
    RPAREN          reduce using rule 17 (token_base -> AAH .)
    error           reduce using rule 17 (token_base -> AAH .)


state 12

    (18) token_base -> UUH .

    URGENTE         reduce using rule 18 (token_base -> UUH .)
    MAS             reduce using rule 18 (token_base -> UUH .)
    O               reduce using rule 18 (token_base -> UUH .)
    FIN_EXPR        reduce using rule 18 (token_base -> UUH .)
    $end            reduce using rule 18 (token_base -> UUH .)
    RPAREN          reduce using rule 18 (token_base -> UUH .)
    error           reduce using rule 18 (token_base -> UUH .)


state 13

    (19) token_base -> OH .

    URGENTE         reduce using rule 19 (token_base -> OH .)
    MAS             reduce using rule 19 (token_base -> OH .)
    O               reduce using rule 19 (token_base -> OH .)
    FIN_EXPR        reduce using rule 19 (token_base -> OH .)
    $end            reduce using rule 19 (token_base -> OH .)
    RPAREN          reduce using rule 19 (token_base -> OH .)
    error           reduce using rule 19 (token_base -> OH .)


state 14

    (20) token_base -> SHH .

    URGENTE         reduce using rule 20 (token_base -> SHH .)
    MAS             reduce using rule 20 (token_base -> SHH .)
    O               reduce using rule 20 (token_base -> SHH .)
    FIN_EXPR        reduce using rule 20 (token_base -> SHH .)
    $end            reduce using rule 20 (token_base -> SHH .)
    RPAREN          reduce using rule 20 (token_base -> SHH .)
    error           reduce using rule 20 (token_base -> SHH .)


state 15

    (21) token_base -> UFF .

    URGENTE         reduce using rule 21 (token_base -> UFF .)
    MAS             reduce using rule 21 (token_base -> UFF .)
    O               reduce using rule 21 (token_base -> UFF .)
    FIN_EXPR        reduce using rule 21 (token_base -> UFF .)
    $end            reduce using rule 21 (token_base -> UFF .)
    RPAREN          reduce using rule 21 (token_base -> UFF .)
    error           reduce using rule 21 (token_base -> UFF .)


state 16

    (22) token_base -> AY .

    URGENTE         reduce using rule 22 (token_base -> AY .)
    MAS             reduce using rule 22 (token_base -> AY .)
    O               reduce using rule 22 (token_base -> AY .)
    FIN_EXPR        reduce using rule 22 (token_base -> AY .)
    $end            reduce using rule 22 (token_base -> AY .)
    RPAREN          reduce using rule 22 (token_base -> AY .)
    error           reduce using rule 22 (token_base -> AY .)


state 17

    (23) token_base -> ANA .

    URGENTE         reduce using rule 23 (token_base -> ANA .)
    MAS             reduce using rule 23 (token_base -> ANA .)
    O               reduce using rule 23 (token_base -> ANA .)
    FIN_EXPR        reduce using rule 23 (token_base -> ANA .)
    $end            reduce using rule 23 (token_base -> ANA .)
    RPAREN          reduce using rule 23 (token_base -> ANA .)
    error           reduce using rule 23 (token_base -> ANA .)


state 18

    (24) token_base -> BAH .

    URGENTE         reduce using rule 24 (token_base -> BAH .)
    MAS             reduce using rule 24 (token_base -> BAH .)
    O               reduce using rule 24 (token_base -> BAH .)
    FIN_EXPR        reduce using rule 24 (token_base -> BAH .)
    $end            reduce using rule 24 (token_base -> BAH .)
    RPAREN          reduce using rule 24 (token_base -> BAH .)
    error           reduce using rule 24 (token_base -> BAH .)


state 19

    (25) token_base -> PFF .

    URGENTE         reduce using rule 25 (token_base -> PFF .)
    MAS             reduce using rule 25 (token_base -> PFF .)
    O               reduce using rule 25 (token_base -> PFF .)
    FIN_EXPR        reduce using rule 25 (token_base -> PFF .)
    $end            reduce using rule 25 (token_base -> PFF .)
    RPAREN          reduce using rule 25 (token_base -> PFF .)
    error           reduce using rule 25 (token_base -> PFF .)


state 20

    (26) token_base -> SENALA .

    URGENTE         reduce using rule 26 (token_base -> SENALA .)
    MAS             reduce using rule 26 (token_base -> SENALA .)
    O               reduce using rule 26 (token_base -> SENALA .)
    FIN_EXPR        reduce using rule 26 (token_base -> SENALA .)
    $end            reduce using rule 26 (token_base -> SENALA .)
    RPAREN          reduce using rule 26 (token_base -> SENALA .)
    error           reduce using rule 26 (token_base -> SENALA .)


state 21

    (27) token_base -> PALMA_ARRIBA .

    URGENTE         reduce using rule 27 (token_base -> PALMA_ARRIBA .)
    MAS             reduce using rule 27 (token_base -> PALMA_ARRIBA .)
    O               reduce using rule 27 (token_base -> PALMA_ARRIBA .)
    FIN_EXPR        reduce using rule 27 (token_base -> PALMA_ARRIBA .)
    $end            reduce using rule 27 (token_base -> PALMA_ARRIBA .)
    RPAREN          reduce using rule 27 (token_base -> PALMA_ARRIBA .)
    error           reduce using rule 27 (token_base -> PALMA_ARRIBA .)


state 22

    (28) token_base -> PALMA_ABAJO .

    URGENTE         reduce using rule 28 (token_base -> PALMA_ABAJO .)
    MAS             reduce using rule 28 (token_base -> PALMA_ABAJO .)
    O               reduce using rule 28 (token_base -> PALMA_ABAJO .)
    FIN_EXPR        reduce using rule 28 (token_base -> PALMA_ABAJO .)
    $end            reduce using rule 28 (token_base -> PALMA_ABAJO .)
    RPAREN          reduce using rule 28 (token_base -> PALMA_ABAJO .)
    error           reduce using rule 28 (token_base -> PALMA_ABAJO .)


state 23

    (29) token_base -> PUNO .

    URGENTE         reduce using rule 29 (token_base -> PUNO .)
    MAS             reduce using rule 29 (token_base -> PUNO .)
    O               reduce using rule 29 (token_base -> PUNO .)
    FIN_EXPR        reduce using rule 29 (token_base -> PUNO .)
    $end            reduce using rule 29 (token_base -> PUNO .)
    RPAREN          reduce using rule 29 (token_base -> PUNO .)
    error           reduce using rule 29 (token_base -> PUNO .)


state 24

    (30) token_base -> MANO_ABIERTA .

    URGENTE         reduce using rule 30 (token_base -> MANO_ABIERTA .)
    MAS             reduce using rule 30 (token_base -> MANO_ABIERTA .)
    O               reduce using rule 30 (token_base -> MANO_ABIERTA .)
    FIN_EXPR        reduce using rule 30 (token_base -> MANO_ABIERTA .)
    $end            reduce using rule 30 (token_base -> MANO_ABIERTA .)
    RPAREN          reduce using rule 30 (token_base -> MANO_ABIERTA .)
    error           reduce using rule 30 (token_base -> MANO_ABIERTA .)


state 25

    (31) token_base -> TOCA .

    URGENTE         reduce using rule 31 (token_base -> TOCA .)
    MAS             reduce using rule 31 (token_base -> TOCA .)
    O               reduce using rule 31 (token_base -> TOCA .)
    FIN_EXPR        reduce using rule 31 (token_base -> TOCA .)
    $end            reduce using rule 31 (token_base -> TOCA .)
    RPAREN          reduce using rule 31 (token_base -> TOCA .)
    error           reduce using rule 31 (token_base -> TOCA .)


state 26

    (32) token_base -> AGITA .

    URGENTE         reduce using rule 32 (token_base -> AGITA .)
    MAS             reduce using rule 32 (token_base -> AGITA .)
    O               reduce using rule 32 (token_base -> AGITA .)
    FIN_EXPR        reduce using rule 32 (token_base -> AGITA .)
    $end            reduce using rule 32 (token_base -> AGITA .)
    RPAREN          reduce using rule 32 (token_base -> AGITA .)
    error           reduce using rule 32 (token_base -> AGITA .)


state 27

    (33) token_base -> APUNTA_SI .

    URGENTE         reduce using rule 33 (token_base -> APUNTA_SI .)
    MAS             reduce using rule 33 (token_base -> APUNTA_SI .)
    O               reduce using rule 33 (token_base -> APUNTA_SI .)
    FIN_EXPR        reduce using rule 33 (token_base -> APUNTA_SI .)
    $end            reduce using rule 33 (token_base -> APUNTA_SI .)
    RPAREN          reduce using rule 33 (token_base -> APUNTA_SI .)
    error           reduce using rule 33 (token_base -> APUNTA_SI .)


state 28

    (34) token_base -> JUNTA_DEDOS .

    URGENTE         reduce using rule 34 (token_base -> JUNTA_DEDOS .)
    MAS             reduce using rule 34 (token_base -> JUNTA_DEDOS .)
    O               reduce using rule 34 (token_base -> JUNTA_DEDOS .)
    FIN_EXPR        reduce using rule 34 (token_base -> JUNTA_DEDOS .)
    $end            reduce using rule 34 (token_base -> JUNTA_DEDOS .)
    RPAREN          reduce using rule 34 (token_base -> JUNTA_DEDOS .)
    error           reduce using rule 34 (token_base -> JUNTA_DEDOS .)


state 29

    (35) token_base -> SEPARA_MANOS .

    URGENTE         reduce using rule 35 (token_base -> SEPARA_MANOS .)
    MAS             reduce using rule 35 (token_base -> SEPARA_MANOS .)
    O               reduce using rule 35 (token_base -> SEPARA_MANOS .)
    FIN_EXPR        reduce using rule 35 (token_base -> SEPARA_MANOS .)
    $end            reduce using rule 35 (token_base -> SEPARA_MANOS .)
    RPAREN          reduce using rule 35 (token_base -> SEPARA_MANOS .)
    error           reduce using rule 35 (token_base -> SEPARA_MANOS .)


state 30

    (36) token_base -> DEDOINDICE_BOCA .

    URGENTE         reduce using rule 36 (token_base -> DEDOINDICE_BOCA .)
    MAS             reduce using rule 36 (token_base -> DEDOINDICE_BOCA .)
    O               reduce using rule 36 (token_base -> DEDOINDICE_BOCA .)
    FIN_EXPR        reduce using rule 36 (token_base -> DEDOINDICE_BOCA .)
    $end            reduce using rule 36 (token_base -> DEDOINDICE_BOCA .)
    RPAREN          reduce using rule 36 (token_base -> DEDOINDICE_BOCA .)
    error           reduce using rule 36 (token_base -> DEDOINDICE_BOCA .)


state 31

    (37) token_base -> MUEVE_PULGARES .

    URGENTE         reduce using rule 37 (token_base -> MUEVE_PULGARES .)
    MAS             reduce using rule 37 (token_base -> MUEVE_PULGARES .)
    O               reduce using rule 37 (token_base -> MUEVE_PULGARES .)
    FIN_EXPR        reduce using rule 37 (token_base -> MUEVE_PULGARES .)
    $end            reduce using rule 37 (token_base -> MUEVE_PULGARES .)
    RPAREN          reduce using rule 37 (token_base -> MUEVE_PULGARES .)
    error           reduce using rule 37 (token_base -> MUEVE_PULGARES .)


state 32

    (38) token_base -> MANO_DERECHA_A_IZQUIERDA .

    URGENTE         reduce using rule 38 (token_base -> MANO_DERECHA_A_IZQUIERDA .)
    MAS             reduce using rule 38 (token_base -> MANO_DERECHA_A_IZQUIERDA .)
    O               reduce using rule 38 (token_base -> MANO_DERECHA_A_IZQUIERDA .)
    FIN_EXPR        reduce using rule 38 (token_base -> MANO_DERECHA_A_IZQUIERDA .)
    $end            reduce using rule 38 (token_base -> MANO_DERECHA_A_IZQUIERDA .)
    RPAREN          reduce using rule 38 (token_base -> MANO_DERECHA_A_IZQUIERDA .)
    error           reduce using rule 38 (token_base -> MANO_DERECHA_A_IZQUIERDA .)


state 33

    (39) token_base -> MANOS_PALMAS_HACIA_ARRIBA .

    URGENTE         reduce using rule 39 (token_base -> MANOS_PALMAS_HACIA_ARRIBA .)
    MAS             reduce using rule 39 (token_base -> MANOS_PALMAS_HACIA_ARRIBA .)
    O               reduce using rule 39 (token_base -> MANOS_PALMAS_HACIA_ARRIBA .)
    FIN_EXPR        reduce using rule 39 (token_base -> MANOS_PALMAS_HACIA_ARRIBA .)
    $end            reduce using rule 39 (token_base -> MANOS_PALMAS_HACIA_ARRIBA .)
    RPAREN          reduce using rule 39 (token_base -> MANOS_PALMAS_HACIA_ARRIBA .)
    error           reduce using rule 39 (token_base -> MANOS_PALMAS_HACIA_ARRIBA .)


state 34

    (40) token_base -> SONIDO_LARGO .

    URGENTE         reduce using rule 40 (token_base -> SONIDO_LARGO .)
    MAS             reduce using rule 40 (token_base -> SONIDO_LARGO .)
    O               reduce using rule 40 (token_base -> SONIDO_LARGO .)
    FIN_EXPR        reduce using rule 40 (token_base -> SONIDO_LARGO .)
    $end            reduce using rule 40 (token_base -> SONIDO_LARGO .)
    RPAREN          reduce using rule 40 (token_base -> SONIDO_LARGO .)
    error           reduce using rule 40 (token_base -> SONIDO_LARGO .)


state 35

    (41) token_base -> SONIDO_CORTO .

    URGENTE         reduce using rule 41 (token_base -> SONIDO_CORTO .)
    MAS             reduce using rule 41 (token_base -> SONIDO_CORTO .)
    O               reduce using rule 41 (token_base -> SONIDO_CORTO .)
    FIN_EXPR        reduce using rule 41 (token_base -> SONIDO_CORTO .)
    $end            reduce using rule 41 (token_base -> SONIDO_CORTO .)
    RPAREN          reduce using rule 41 (token_base -> SONIDO_CORTO .)
    error           reduce using rule 41 (token_base -> SONIDO_CORTO .)


state 36

    (42) token_base -> SONIDO_REPETIDO .

    URGENTE         reduce using rule 42 (token_base -> SONIDO_REPETIDO .)
    MAS             reduce using rule 42 (token_base -> SONIDO_REPETIDO .)
    O               reduce using rule 42 (token_base -> SONIDO_REPETIDO .)
    FIN_EXPR        reduce using rule 42 (token_base -> SONIDO_REPETIDO .)
    $end            reduce using rule 42 (token_base -> SONIDO_REPETIDO .)
    RPAREN          reduce using rule 42 (token_base -> SONIDO_REPETIDO .)
    error           reduce using rule 42 (token_base -> SONIDO_REPETIDO .)


state 37

    (43) token_base -> SONIDO_AGUDO .

    URGENTE         reduce using rule 43 (token_base -> SONIDO_AGUDO .)
    MAS             reduce using rule 43 (token_base -> SONIDO_AGUDO .)
    O               reduce using rule 43 (token_base -> SONIDO_AGUDO .)
    FIN_EXPR        reduce using rule 43 (token_base -> SONIDO_AGUDO .)
    $end            reduce using rule 43 (token_base -> SONIDO_AGUDO .)
    RPAREN          reduce using rule 43 (token_base -> SONIDO_AGUDO .)
    error           reduce using rule 43 (token_base -> SONIDO_AGUDO .)


state 38

    (44) token_base -> SONIDO_GRAVE .

    URGENTE         reduce using rule 44 (token_base -> SONIDO_GRAVE .)
    MAS             reduce using rule 44 (token_base -> SONIDO_GRAVE .)
    O               reduce using rule 44 (token_base -> SONIDO_GRAVE .)
    FIN_EXPR        reduce using rule 44 (token_base -> SONIDO_GRAVE .)
    $end            reduce using rule 44 (token_base -> SONIDO_GRAVE .)
    RPAREN          reduce using rule 44 (token_base -> SONIDO_GRAVE .)
    error           reduce using rule 44 (token_base -> SONIDO_GRAVE .)


state 39

    (45) token_base -> SONIDO_SUAVE .

    URGENTE         reduce using rule 45 (token_base -> SONIDO_SUAVE .)
    MAS             reduce using rule 45 (token_base -> SONIDO_SUAVE .)
    O               reduce using rule 45 (token_base -> SONIDO_SUAVE .)
    FIN_EXPR        reduce using rule 45 (token_base -> SONIDO_SUAVE .)
    $end            reduce using rule 45 (token_base -> SONIDO_SUAVE .)
    RPAREN          reduce using rule 45 (token_base -> SONIDO_SUAVE .)
    error           reduce using rule 45 (token_base -> SONIDO_SUAVE .)


state 40

    (46) token_base -> SONIDO_RONQUIDO .

    URGENTE         reduce using rule 46 (token_base -> SONIDO_RONQUIDO .)
    MAS             reduce using rule 46 (token_base -> SONIDO_RONQUIDO .)
    O               reduce using rule 46 (token_base -> SONIDO_RONQUIDO .)
    FIN_EXPR        reduce using rule 46 (token_base -> SONIDO_RONQUIDO .)
    $end            reduce using rule 46 (token_base -> SONIDO_RONQUIDO .)
    RPAREN          reduce using rule 46 (token_base -> SONIDO_RONQUIDO .)
    error           reduce using rule 46 (token_base -> SONIDO_RONQUIDO .)


state 41

    (47) token_base -> CABEZA_SI .

    URGENTE         reduce using rule 47 (token_base -> CABEZA_SI .)
    MAS             reduce using rule 47 (token_base -> CABEZA_SI .)
    O               reduce using rule 47 (token_base -> CABEZA_SI .)
    FIN_EXPR        reduce using rule 47 (token_base -> CABEZA_SI .)
    $end            reduce using rule 47 (token_base -> CABEZA_SI .)
    RPAREN          reduce using rule 47 (token_base -> CABEZA_SI .)
    error           reduce using rule 47 (token_base -> CABEZA_SI .)


state 42

    (48) token_base -> CABEZA_NO .

    URGENTE         reduce using rule 48 (token_base -> CABEZA_NO .)
    MAS             reduce using rule 48 (token_base -> CABEZA_NO .)
    O               reduce using rule 48 (token_base -> CABEZA_NO .)
    FIN_EXPR        reduce using rule 48 (token_base -> CABEZA_NO .)
    $end            reduce using rule 48 (token_base -> CABEZA_NO .)
    RPAREN          reduce using rule 48 (token_base -> CABEZA_NO .)
    error           reduce using rule 48 (token_base -> CABEZA_NO .)


state 43

    (49) token_base -> CABEZA_LADO .

    URGENTE         reduce using rule 49 (token_base -> CABEZA_LADO .)
    MAS             reduce using rule 49 (token_base -> CABEZA_LADO .)
    O               reduce using rule 49 (token_base -> CABEZA_LADO .)
    FIN_EXPR        reduce using rule 49 (token_base -> CABEZA_LADO .)
    $end            reduce using rule 49 (token_base -> CABEZA_LADO .)
    RPAREN          reduce using rule 49 (token_base -> CABEZA_LADO .)
    error           reduce using rule 49 (token_base -> CABEZA_LADO .)


state 44

    (50) token_base -> INCLINA_CUERPO .

    URGENTE         reduce using rule 50 (token_base -> INCLINA_CUERPO .)
    MAS             reduce using rule 50 (token_base -> INCLINA_CUERPO .)
    O               reduce using rule 50 (token_base -> INCLINA_CUERPO .)
    FIN_EXPR        reduce using rule 50 (token_base -> INCLINA_CUERPO .)
    $end            reduce using rule 50 (token_base -> INCLINA_CUERPO .)
    RPAREN          reduce using rule 50 (token_base -> INCLINA_CUERPO .)
    error           reduce using rule 50 (token_base -> INCLINA_CUERPO .)


state 45

    (51) token_base -> ACERCA_CUERPO .

    URGENTE         reduce using rule 51 (token_base -> ACERCA_CUERPO .)
    MAS             reduce using rule 51 (token_base -> ACERCA_CUERPO .)
    O               reduce using rule 51 (token_base -> ACERCA_CUERPO .)
    FIN_EXPR        reduce using rule 51 (token_base -> ACERCA_CUERPO .)
    $end            reduce using rule 51 (token_base -> ACERCA_CUERPO .)
    RPAREN          reduce using rule 51 (token_base -> ACERCA_CUERPO .)
    error           reduce using rule 51 (token_base -> ACERCA_CUERPO .)


state 46

    (52) token_base -> ALEJA_CUERPO .

    URGENTE         reduce using rule 52 (token_base -> ALEJA_CUERPO .)
    MAS             reduce using rule 52 (token_base -> ALEJA_CUERPO .)
    O               reduce using rule 52 (token_base -> ALEJA_CUERPO .)
    FIN_EXPR        reduce using rule 52 (token_base -> ALEJA_CUERPO .)
    $end            reduce using rule 52 (token_base -> ALEJA_CUERPO .)
    RPAREN          reduce using rule 52 (token_base -> ALEJA_CUERPO .)
    error           reduce using rule 52 (token_base -> ALEJA_CUERPO .)


state 47

    (53) token_base -> SENALA_PROPIO .

    URGENTE         reduce using rule 53 (token_base -> SENALA_PROPIO .)
    MAS             reduce using rule 53 (token_base -> SENALA_PROPIO .)
    O               reduce using rule 53 (token_base -> SENALA_PROPIO .)
    FIN_EXPR        reduce using rule 53 (token_base -> SENALA_PROPIO .)
    $end            reduce using rule 53 (token_base -> SENALA_PROPIO .)
    RPAREN          reduce using rule 53 (token_base -> SENALA_PROPIO .)
    error           reduce using rule 53 (token_base -> SENALA_PROPIO .)


state 48

    (54) token_base -> SENALA_EXTERNO .

    URGENTE         reduce using rule 54 (token_base -> SENALA_EXTERNO .)
    MAS             reduce using rule 54 (token_base -> SENALA_EXTERNO .)
    O               reduce using rule 54 (token_base -> SENALA_EXTERNO .)
    FIN_EXPR        reduce using rule 54 (token_base -> SENALA_EXTERNO .)
    $end            reduce using rule 54 (token_base -> SENALA_EXTERNO .)
    RPAREN          reduce using rule 54 (token_base -> SENALA_EXTERNO .)
    error           reduce using rule 54 (token_base -> SENALA_EXTERNO .)


state 49

    (55) token_base -> ENCOGE_HOMBROS .

    URGENTE         reduce using rule 55 (token_base -> ENCOGE_HOMBROS .)
    MAS             reduce using rule 55 (token_base -> ENCOGE_HOMBROS .)
    O               reduce using rule 55 (token_base -> ENCOGE_HOMBROS .)
    FIN_EXPR        reduce using rule 55 (token_base -> ENCOGE_HOMBROS .)
    $end            reduce using rule 55 (token_base -> ENCOGE_HOMBROS .)
    RPAREN          reduce using rule 55 (token_base -> ENCOGE_HOMBROS .)
    error           reduce using rule 55 (token_base -> ENCOGE_HOMBROS .)


state 50

    (56) token_base -> LEVANTA_BRAZO .

    URGENTE         reduce using rule 56 (token_base -> LEVANTA_BRAZO .)
    MAS             reduce using rule 56 (token_base -> LEVANTA_BRAZO .)
    O               reduce using rule 56 (token_base -> LEVANTA_BRAZO .)
    FIN_EXPR        reduce using rule 56 (token_base -> LEVANTA_BRAZO .)
    $end            reduce using rule 56 (token_base -> LEVANTA_BRAZO .)
    RPAREN          reduce using rule 56 (token_base -> LEVANTA_BRAZO .)
    error           reduce using rule 56 (token_base -> LEVANTA_BRAZO .)


state 51

    (57) token_base -> CIERRA_OJOS .

    URGENTE         reduce using rule 57 (token_base -> CIERRA_OJOS .)
    MAS             reduce using rule 57 (token_base -> CIERRA_OJOS .)
    O               reduce using rule 57 (token_base -> CIERRA_OJOS .)
    FIN_EXPR        reduce using rule 57 (token_base -> CIERRA_OJOS .)
    $end            reduce using rule 57 (token_base -> CIERRA_OJOS .)
    RPAREN          reduce using rule 57 (token_base -> CIERRA_OJOS .)
    error           reduce using rule 57 (token_base -> CIERRA_OJOS .)


state 52

    (58) token_base -> ABRE_OJOS .

    URGENTE         reduce using rule 58 (token_base -> ABRE_OJOS .)
    MAS             reduce using rule 58 (token_base -> ABRE_OJOS .)
    O               reduce using rule 58 (token_base -> ABRE_OJOS .)
    FIN_EXPR        reduce using rule 58 (token_base -> ABRE_OJOS .)
    $end            reduce using rule 58 (token_base -> ABRE_OJOS .)
    RPAREN          reduce using rule 58 (token_base -> ABRE_OJOS .)
    error           reduce using rule 58 (token_base -> ABRE_OJOS .)


state 53

    (59) token_base -> FRUNCE_CENO .

    URGENTE         reduce using rule 59 (token_base -> FRUNCE_CENO .)
    MAS             reduce using rule 59 (token_base -> FRUNCE_CENO .)
    O               reduce using rule 59 (token_base -> FRUNCE_CENO .)
    FIN_EXPR        reduce using rule 59 (token_base -> FRUNCE_CENO .)
    $end            reduce using rule 59 (token_base -> FRUNCE_CENO .)
    RPAREN          reduce using rule 59 (token_base -> FRUNCE_CENO .)
    error           reduce using rule 59 (token_base -> FRUNCE_CENO .)


state 54

    (60) token_base -> SONRIE .

    URGENTE         reduce using rule 60 (token_base -> SONRIE .)
    MAS             reduce using rule 60 (token_base -> SONRIE .)
    O               reduce using rule 60 (token_base -> SONRIE .)
    FIN_EXPR        reduce using rule 60 (token_base -> SONRIE .)
    $end            reduce using rule 60 (token_base -> SONRIE .)
    RPAREN          reduce using rule 60 (token_base -> SONRIE .)
    error           reduce using rule 60 (token_base -> SONRIE .)


state 55

    (61) token_base -> LLANTO .

    URGENTE         reduce using rule 61 (token_base -> LLANTO .)
    MAS             reduce using rule 61 (token_base -> LLANTO .)
    O               reduce using rule 61 (token_base -> LLANTO .)
    FIN_EXPR        reduce using rule 61 (token_base -> LLANTO .)
    $end            reduce using rule 61 (token_base -> LLANTO .)
    RPAREN          reduce using rule 61 (token_base -> LLANTO .)
    error           reduce using rule 61 (token_base -> LLANTO .)


state 56

    (62) token_base -> BOCA_ABIERTA .

    URGENTE         reduce using rule 62 (token_base -> BOCA_ABIERTA .)
    MAS             reduce using rule 62 (token_base -> BOCA_ABIERTA .)
    O               reduce using rule 62 (token_base -> BOCA_ABIERTA .)
    FIN_EXPR        reduce using rule 62 (token_base -> BOCA_ABIERTA .)
    $end            reduce using rule 62 (token_base -> BOCA_ABIERTA .)
    RPAREN          reduce using rule 62 (token_base -> BOCA_ABIERTA .)
    error           reduce using rule 62 (token_base -> BOCA_ABIERTA .)


state 57

    (63) token_base -> MIRA_ARRIBA .

    URGENTE         reduce using rule 63 (token_base -> MIRA_ARRIBA .)
    MAS             reduce using rule 63 (token_base -> MIRA_ARRIBA .)
    O               reduce using rule 63 (token_base -> MIRA_ARRIBA .)
    FIN_EXPR        reduce using rule 63 (token_base -> MIRA_ARRIBA .)
    $end            reduce using rule 63 (token_base -> MIRA_ARRIBA .)
    RPAREN          reduce using rule 63 (token_base -> MIRA_ARRIBA .)
    error           reduce using rule 63 (token_base -> MIRA_ARRIBA .)


state 58

    (64) token_base -> MIRA_ABAJO .

    URGENTE         reduce using rule 64 (token_base -> MIRA_ABAJO .)
    MAS             reduce using rule 64 (token_base -> MIRA_ABAJO .)
    O               reduce using rule 64 (token_base -> MIRA_ABAJO .)
    FIN_EXPR        reduce using rule 64 (token_base -> MIRA_ABAJO .)
    $end            reduce using rule 64 (token_base -> MIRA_ABAJO .)
    RPAREN          reduce using rule 64 (token_base -> MIRA_ABAJO .)
    error           reduce using rule 64 (token_base -> MIRA_ABAJO .)


state 59

    (65) token_base -> MIRA_OBJETO .

    URGENTE         reduce using rule 65 (token_base -> MIRA_OBJETO .)
    MAS             reduce using rule 65 (token_base -> MIRA_OBJETO .)
    O               reduce using rule 65 (token_base -> MIRA_OBJETO .)
    FIN_EXPR        reduce using rule 65 (token_base -> MIRA_OBJETO .)
    $end            reduce using rule 65 (token_base -> MIRA_OBJETO .)
    RPAREN          reduce using rule 65 (token_base -> MIRA_OBJETO .)
    error           reduce using rule 65 (token_base -> MIRA_OBJETO .)


state 60

    (66) token_base -> PARPADEO_RAPIDO .

    URGENTE         reduce using rule 66 (token_base -> PARPADEO_RAPIDO .)
    MAS             reduce using rule 66 (token_base -> PARPADEO_RAPIDO .)
    O               reduce using rule 66 (token_base -> PARPADEO_RAPIDO .)
    FIN_EXPR        reduce using rule 66 (token_base -> PARPADEO_RAPIDO .)
    $end            reduce using rule 66 (token_base -> PARPADEO_RAPIDO .)
    RPAREN          reduce using rule 66 (token_base -> PARPADEO_RAPIDO .)
    error           reduce using rule 66 (token_base -> PARPADEO_RAPIDO .)


state 61

    (67) token_base -> RAPIDO .

    URGENTE         reduce using rule 67 (token_base -> RAPIDO .)
    MAS             reduce using rule 67 (token_base -> RAPIDO .)
    O               reduce using rule 67 (token_base -> RAPIDO .)
    FIN_EXPR        reduce using rule 67 (token_base -> RAPIDO .)
    $end            reduce using rule 67 (token_base -> RAPIDO .)
    RPAREN          reduce using rule 67 (token_base -> RAPIDO .)
    error           reduce using rule 67 (token_base -> RAPIDO .)


state 62

    (68) token_base -> LENTO .

    URGENTE         reduce using rule 68 (token_base -> LENTO .)
    MAS             reduce using rule 68 (token_base -> LENTO .)
    O               reduce using rule 68 (token_base -> LENTO .)
    FIN_EXPR        reduce using rule 68 (token_base -> LENTO .)
    $end            reduce using rule 68 (token_base -> LENTO .)
    RPAREN          reduce using rule 68 (token_base -> LENTO .)
    error           reduce using rule 68 (token_base -> LENTO .)


state 63

    (69) token_base -> DOBLE .

    URGENTE         reduce using rule 69 (token_base -> DOBLE .)
    MAS             reduce using rule 69 (token_base -> DOBLE .)
    O               reduce using rule 69 (token_base -> DOBLE .)
    FIN_EXPR        reduce using rule 69 (token_base -> DOBLE .)
    $end            reduce using rule 69 (token_base -> DOBLE .)
    RPAREN          reduce using rule 69 (token_base -> DOBLE .)
    error           reduce using rule 69 (token_base -> DOBLE .)


state 64

    (70) token_base -> TRIPLE .

    URGENTE         reduce using rule 70 (token_base -> TRIPLE .)
    MAS             reduce using rule 70 (token_base -> TRIPLE .)
    O               reduce using rule 70 (token_base -> TRIPLE .)
    FIN_EXPR        reduce using rule 70 (token_base -> TRIPLE .)
    $end            reduce using rule 70 (token_base -> TRIPLE .)
    RPAREN          reduce using rule 70 (token_base -> TRIPLE .)
    error           reduce using rule 70 (token_base -> TRIPLE .)


state 65

    (71) token_base -> PAUSA .

    URGENTE         reduce using rule 71 (token_base -> PAUSA .)
    MAS             reduce using rule 71 (token_base -> PAUSA .)
    O               reduce using rule 71 (token_base -> PAUSA .)
    FIN_EXPR        reduce using rule 71 (token_base -> PAUSA .)
    $end            reduce using rule 71 (token_base -> PAUSA .)
    RPAREN          reduce using rule 71 (token_base -> PAUSA .)
    error           reduce using rule 71 (token_base -> PAUSA .)


state 66

    (2) programa -> programa FIN_EXPR . expresion
    (3) expresion -> . secuencia
    (4) expresion -> . CONTEXTO secuencia
    (5) expresion -> . expresion O secuencia
    (6) secuencia -> . termino
    (7) secuencia -> . secuencia MAS termino
    (72) secuencia -> . secuencia MAS error
    (8) termino -> . token_base
    (9) termino -> . NEG termino
    (10) termino -> . termino URGENTE
    (11) termino -> . LPAREN expresion RPAREN
    (12) termino -> . LPAREN expresion RPAREN URGENTE
    (13) termino -> . LPAREN expresion error
    (14) termino -> . LPAREN RPAREN
    (15) token_base -> . MMM
    (16) token_base -> . ATA
    (17) token_base -> . AAH
    (18) token_base -> . UUH
    (19) token_base -> . OH
    (20) token_base -> . SHH
    (21) token_base -> . UFF
    (22) token_base -> . AY
    (23) token_base -> . ANA
    (24) token_base -> . BAH
    (25) token_base -> . PFF
    (26) token_base -> . SENALA
    (27) token_base -> . PALMA_ARRIBA
    (28) token_base -> . PALMA_ABAJO
    (29) token_base -> . PUNO
    (30) token_base -> . MANO_ABIERTA
    (31) token_base -> . TOCA
    (32) token_base -> . AGITA
    (33) token_base -> . APUNTA_SI
    (34) token_base -> . JUNTA_DEDOS
    (35) token_base -> . SEPARA_MANOS
    (36) token_base -> . DEDOINDICE_BOCA
    (37) token_base -> . MUEVE_PULGARES
    (38) token_base -> . MANO_DERECHA_A_IZQUIERDA
    (39) token_base -> . MANOS_PALMAS_HACIA_ARRIBA
    (40) token_base -> . SONIDO_LARGO
    (41) token_base -> . SONIDO_CORTO
    (42) token_base -> . SONIDO_REPETIDO
    (43) token_base -> . SONIDO_AGUDO
    (44) token_base -> . SONIDO_GRAVE
    (45) token_base -> . SONIDO_SUAVE
    (46) token_base -> . SONIDO_RONQUIDO
    (47) token_base -> . CABEZA_SI
    (48) token_base -> . CABEZA_NO
    (49) token_base -> . CABEZA_LADO
    (50) token_base -> . INCLINA_CUERPO
    (51) token_base -> . ACERCA_CUERPO
    (52) token_base -> . ALEJA_CUERPO
    (53) token_base -> . SENALA_PROPIO
    (54) token_base -> . SENALA_EXTERNO
    (55) token_base -> . ENCOGE_HOMBROS
    (56) token_base -> . LEVANTA_BRAZO
    (57) token_base -> . CIERRA_OJOS
    (58) token_base -> . ABRE_OJOS
    (59) token_base -> . FRUNCE_CENO
    (60) token_base -> . SONRIE
    (61) token_base -> . LLANTO
    (62) token_base -> . BOCA_ABIERTA
    (63) token_base -> . MIRA_ARRIBA
    (64) token_base -> . MIRA_ABAJO
    (65) token_base -> . MIRA_OBJETO
    (66) token_base -> . PARPADEO_RAPIDO
    (67) token_base -> . RAPIDO
    (68) token_base -> . LENTO
    (69) token_base -> . DOBLE
    (70) token_base -> . TRIPLE
    (71) token_base -> . PAUSA

    CONTEXTO        shift and go to state 4
    NEG             shift and go to state 7
    LPAREN          shift and go to state 8
    MMM             shift and go to state 9
    ATA             shift and go to state 10
    AAH             shift and go to state 11
    UUH             shift and go to state 12
    OH              shift and go to state 13
    SHH             shift and go to state 14
    UFF             shift and go to state 15
    AY              shift and go to state 16
    ANA             shift and go to state 17
    BAH             shift and go to state 18
    PFF             shift and go to state 19
    SENALA          shift and go to state 20
    PALMA_ARRIBA    shift and go to state 21
    PALMA_ABAJO     shift and go to state 22
    PUNO            shift and go to state 23
    MANO_ABIERTA    shift and go to state 24
    TOCA            shift and go to state 25
    AGITA           shift and go to state 26
    APUNTA_SI       shift and go to state 27
    JUNTA_DEDOS     shift and go to state 28
    SEPARA_MANOS    shift and go to state 29
    DEDOINDICE_BOCA shift and go to state 30
    MUEVE_PULGARES  shift and go to state 31
    MANO_DERECHA_A_IZQUIERDA shift and go to state 32
    MANOS_PALMAS_HACIA_ARRIBA shift and go to state 33
    SONIDO_LARGO    shift and go to state 34
    SONIDO_CORTO    shift and go to state 35
    SONIDO_REPETIDO shift and go to state 36
    SONIDO_AGUDO    shift and go to state 37
    SONIDO_GRAVE    shift and go to state 38
    SONIDO_SUAVE    shift and go to state 39
    SONIDO_RONQUIDO shift and go to state 40
    CABEZA_SI       shift and go to state 41
    CABEZA_NO       shift and go to state 42
    CABEZA_LADO     shift and go to state 43
    INCLINA_CUERPO  shift and go to state 44
    ACERCA_CUERPO   shift and go to state 45
    ALEJA_CUERPO    shift and go to state 46
    SENALA_PROPIO   shift and go to state 47
    SENALA_EXTERNO  shift and go to state 48
    ENCOGE_HOMBROS  shift and go to state 49
    LEVANTA_BRAZO   shift and go to state 50
    CIERRA_OJOS     shift and go to state 51
    ABRE_OJOS       shift and go to state 52
    FRUNCE_CENO     shift and go to state 53
    SONRIE          shift and go to state 54
    LLANTO          shift and go to state 55
    BOCA_ABIERTA    shift and go to state 56
    MIRA_ARRIBA     shift and go to state 57
    MIRA_ABAJO      shift and go to state 58
    MIRA_OBJETO     shift and go to state 59
    PARPADEO_RAPIDO shift and go to state 60
    RAPIDO          shift and go to state 61
    LENTO           shift and go to state 62
    DOBLE           shift and go to state 63
    TRIPLE          shift and go to state 64
    PAUSA           shift and go to state 65

    expresion                      shift and go to state 74
    secuencia                      shift and go to state 3
    termino                        shift and go to state 5
    token_base                     shift and go to state 6

state 67

    (5) expresion -> expresion O . secuencia
    (6) secuencia -> . termino
    (7) secuencia -> . secuencia MAS termino
    (72) secuencia -> . secuencia MAS error
    (8) termino -> . token_base
    (9) termino -> . NEG termino
    (10) termino -> . termino URGENTE
    (11) termino -> . LPAREN expresion RPAREN
    (12) termino -> . LPAREN expresion RPAREN URGENTE
    (13) termino -> . LPAREN expresion error
    (14) termino -> . LPAREN RPAREN
    (15) token_base -> . MMM
    (16) token_base -> . ATA
    (17) token_base -> . AAH
    (18) token_base -> . UUH
    (19) token_base -> . OH
    (20) token_base -> . SHH
    (21) token_base -> . UFF
    (22) token_base -> . AY
    (23) token_base -> . ANA
    (24) token_base -> . BAH
    (25) token_base -> . PFF
    (26) token_base -> . SENALA
    (27) token_base -> . PALMA_ARRIBA
    (28) token_base -> . PALMA_ABAJO
    (29) token_base -> . PUNO
    (30) token_base -> . MANO_ABIERTA
    (31) token_base -> . TOCA
    (32) token_base -> . AGITA
    (33) token_base -> . APUNTA_SI
    (34) token_base -> . JUNTA_DEDOS
    (35) token_base -> . SEPARA_MANOS
    (36) token_base -> . DEDOINDICE_BOCA
    (37) token_base -> . MUEVE_PULGARES
    (38) token_base -> . MANO_DERECHA_A_IZQUIERDA
    (39) token_base -> . MANOS_PALMAS_HACIA_ARRIBA
    (40) token_base -> . SONIDO_LARGO
    (41) token_base -> . SONIDO_CORTO
    (42) token_base -> . SONIDO_REPETIDO
    (43) token_base -> . SONIDO_AGUDO
    (44) token_base -> . SONIDO_GRAVE
    (45) token_base -> . SONIDO_SUAVE
    (46) token_base -> . SONIDO_RONQUIDO
    (47) token_base -> . CABEZA_SI
    (48) token_base -> . CABEZA_NO
    (49) token_base -> . CABEZA_LADO
    (50) token_base -> . INCLINA_CUERPO
    (51) token_base -> . ACERCA_CUERPO
    (52) token_base -> . ALEJA_CUERPO
    (53) token_base -> . SENALA_PROPIO
    (54) token_base -> . SENALA_EXTERNO
    (55) token_base -> . ENCOGE_HOMBROS
    (56) token_base -> . LEVANTA_BRAZO
    (57) token_base -> . CIERRA_OJOS
    (58) token_base -> . ABRE_OJOS
    (59) token_base -> . FRUNCE_CENO
    (60) token_base -> . SONRIE
    (61) token_base -> . LLANTO
    (62) token_base -> . BOCA_ABIERTA
    (63) token_base -> . MIRA_ARRIBA
    (64) token_base -> . MIRA_ABAJO
    (65) token_base -> . MIRA_OBJETO
    (66) token_base -> . PARPADEO_RAPIDO
    (67) token_base -> . RAPIDO
    (68) token_base -> . LENTO
    (69) token_base -> . DOBLE
    (70) token_base -> . TRIPLE
    (71) token_base -> . PAUSA

    NEG             shift and go to state 7
    LPAREN          shift and go to state 8
    MMM             shift and go to state 9
    ATA             shift and go to state 10
    AAH             shift and go to state 11
    UUH             shift and go to state 12
    OH              shift and go to state 13
    SHH             shift and go to state 14
    UFF             shift and go to state 15
    AY              shift and go to state 16
    ANA             shift and go to state 17
    BAH             shift and go to state 18
    PFF             shift and go to state 19
    SENALA          shift and go to state 20
    PALMA_ARRIBA    shift and go to state 21
    PALMA_ABAJO     shift and go to state 22
    PUNO            shift and go to state 23
    MANO_ABIERTA    shift and go to state 24
    TOCA            shift and go to state 25
    AGITA           shift and go to state 26
    APUNTA_SI       shift and go to state 27
    JUNTA_DEDOS     shift and go to state 28
    SEPARA_MANOS    shift and go to state 29
    DEDOINDICE_BOCA shift and go to state 30
    MUEVE_PULGARES  shift and go to state 31
    MANO_DERECHA_A_IZQUIERDA shift and go to state 32
    MANOS_PALMAS_HACIA_ARRIBA shift and go to state 33
    SONIDO_LARGO    shift and go to state 34
    SONIDO_CORTO    shift and go to state 35
    SONIDO_REPETIDO shift and go to state 36
    SONIDO_AGUDO    shift and go to state 37
    SONIDO_GRAVE    shift and go to state 38
    SONIDO_SUAVE    shift and go to state 39
    SONIDO_RONQUIDO shift and go to state 40
    CABEZA_SI       shift and go to state 41
    CABEZA_NO       shift and go to state 42
    CABEZA_LADO     shift and go to state 43
    INCLINA_CUERPO  shift and go to state 44
    ACERCA_CUERPO   shift and go to state 45
    ALEJA_CUERPO    shift and go to state 46
    SENALA_PROPIO   shift and go to state 47
    SENALA_EXTERNO  shift and go to state 48
    ENCOGE_HOMBROS  shift and go to state 49
    LEVANTA_BRAZO   shift and go to state 50
    CIERRA_OJOS     shift and go to state 51
    ABRE_OJOS       shift and go to state 52
    FRUNCE_CENO     shift and go to state 53
    SONRIE          shift and go to state 54
    LLANTO          shift and go to state 55
    BOCA_ABIERTA    shift and go to state 56
    MIRA_ARRIBA     shift and go to state 57
    MIRA_ABAJO      shift and go to state 58
    MIRA_OBJETO     shift and go to state 59
    PARPADEO_RAPIDO shift and go to state 60
    RAPIDO          shift and go to state 61
    LENTO           shift and go to state 62
    DOBLE           shift and go to state 63
    TRIPLE          shift and go to state 64
    PAUSA           shift and go to state 65

    secuencia                      shift and go to state 75
    termino                        shift and go to state 5
    token_base                     shift and go to state 6

state 68

    (7) secuencia -> secuencia MAS . termino
    (72) secuencia -> secuencia MAS . error
    (8) termino -> . token_base
    (9) termino -> . NEG termino
    (10) termino -> . termino URGENTE
    (11) termino -> . LPAREN expresion RPAREN
    (12) termino -> . LPAREN expresion RPAREN URGENTE
    (13) termino -> . LPAREN expresion error
    (14) termino -> . LPAREN RPAREN
    (15) token_base -> . MMM
    (16) token_base -> . ATA
    (17) token_base -> . AAH
    (18) token_base -> . UUH
    (19) token_base -> . OH
    (20) token_base -> . SHH
    (21) token_base -> . UFF
    (22) token_base -> . AY
    (23) token_base -> . ANA
    (24) token_base -> . BAH
    (25) token_base -> . PFF
    (26) token_base -> . SENALA
    (27) token_base -> . PALMA_ARRIBA
    (28) token_base -> . PALMA_ABAJO
    (29) token_base -> . PUNO
    (30) token_base -> . MANO_ABIERTA
    (31) token_base -> . TOCA
    (32) token_base -> . AGITA
    (33) token_base -> . APUNTA_SI
    (34) token_base -> . JUNTA_DEDOS
    (35) token_base -> . SEPARA_MANOS
    (36) token_base -> . DEDOINDICE_BOCA
    (37) token_base -> . MUEVE_PULGARES
    (38) token_base -> . MANO_DERECHA_A_IZQUIERDA
    (39) token_base -> . MANOS_PALMAS_HACIA_ARRIBA
    (40) token_base -> . SONIDO_LARGO
    (41) token_base -> . SONIDO_CORTO
    (42) token_base -> . SONIDO_REPETIDO
    (43) token_base -> . SONIDO_AGUDO
    (44) token_base -> . SONIDO_GRAVE
    (45) token_base -> . SONIDO_SUAVE
    (46) token_base -> . SONIDO_RONQUIDO
    (47) token_base -> . CABEZA_SI
    (48) token_base -> . CABEZA_NO
    (49) token_base -> . CABEZA_LADO
    (50) token_base -> . INCLINA_CUERPO
    (51) token_base -> . ACERCA_CUERPO
    (52) token_base -> . ALEJA_CUERPO
    (53) token_base -> . SENALA_PROPIO
    (54) token_base -> . SENALA_EXTERNO
    (55) token_base -> . ENCOGE_HOMBROS
    (56) token_base -> . LEVANTA_BRAZO
    (57) token_base -> . CIERRA_OJOS
    (58) token_base -> . ABRE_OJOS
    (59) token_base -> . FRUNCE_CENO
    (60) token_base -> . SONRIE
    (61) token_base -> . LLANTO
    (62) token_base -> . BOCA_ABIERTA
    (63) token_base -> . MIRA_ARRIBA
    (64) token_base -> . MIRA_ABAJO
    (65) token_base -> . MIRA_OBJETO
    (66) token_base -> . PARPADEO_RAPIDO
    (67) token_base -> . RAPIDO
    (68) token_base -> . LENTO
    (69) token_base -> . DOBLE
    (70) token_base -> . TRIPLE
    (71) token_base -> . PAUSA

    error           shift and go to state 77
    NEG             shift and go to state 7
    LPAREN          shift and go to state 8
    MMM             shift and go to state 9
    ATA             shift and go to state 10
    AAH             shift and go to state 11
    UUH             shift and go to state 12
    OH              shift and go to state 13
    SHH             shift and go to state 14
    UFF             shift and go to state 15
    AY              shift and go to state 16
    ANA             shift and go to state 17
    BAH             shift and go to state 18
    PFF             shift and go to state 19
    SENALA          shift and go to state 20
    PALMA_ARRIBA    shift and go to state 21
    PALMA_ABAJO     shift and go to state 22
    PUNO            shift and go to state 23
    MANO_ABIERTA    shift and go to state 24
    TOCA            shift and go to state 25
    AGITA           shift and go to state 26
    APUNTA_SI       shift and go to state 27
    JUNTA_DEDOS     shift and go to state 28
    SEPARA_MANOS    shift and go to state 29
    DEDOINDICE_BOCA shift and go to state 30
    MUEVE_PULGARES  shift and go to state 31
    MANO_DERECHA_A_IZQUIERDA shift and go to state 32
    MANOS_PALMAS_HACIA_ARRIBA shift and go to state 33
    SONIDO_LARGO    shift and go to state 34
    SONIDO_CORTO    shift and go to state 35
    SONIDO_REPETIDO shift and go to state 36
    SONIDO_AGUDO    shift and go to state 37
    SONIDO_GRAVE    shift and go to state 38
    SONIDO_SUAVE    shift and go to state 39
    SONIDO_RONQUIDO shift and go to state 40
    CABEZA_SI       shift and go to state 41
    CABEZA_NO       shift and go to state 42
    CABEZA_LADO     shift and go to state 43
    INCLINA_CUERPO  shift and go to state 44
    ACERCA_CUERPO   shift and go to state 45
    ALEJA_CUERPO    shift and go to state 46
    SENALA_PROPIO   shift and go to state 47
    SENALA_EXTERNO  shift and go to state 48
    ENCOGE_HOMBROS  shift and go to state 49
    LEVANTA_BRAZO   shift and go to state 50
    CIERRA_OJOS     shift and go to state 51
    ABRE_OJOS       shift and go to state 52
    FRUNCE_CENO     shift and go to state 53
    SONRIE          shift and go to state 54
    LLANTO          shift and go to state 55
    BOCA_ABIERTA    shift and go to state 56
    MIRA_ARRIBA     shift and go to state 57
    MIRA_ABAJO      shift and go to state 58
    MIRA_OBJETO     shift and go to state 59
    PARPADEO_RAPIDO shift and go to state 60
    RAPIDO          shift and go to state 61
    LENTO           shift and go to state 62
    DOBLE           shift and go to state 63
    TRIPLE          shift and go to state 64
    PAUSA           shift and go to state 65

    termino                        shift and go to state 76
    token_base                     shift and go to state 6

state 69

    (4) expresion -> CONTEXTO secuencia .
    (7) secuencia -> secuencia . MAS termino
    (72) secuencia -> secuencia . MAS error

    O               reduce using rule 4 (expresion -> CONTEXTO secuencia .)
    FIN_EXPR        reduce using rule 4 (expresion -> CONTEXTO secuencia .)
    $end            reduce using rule 4 (expresion -> CONTEXTO secuencia .)
    RPAREN          reduce using rule 4 (expresion -> CONTEXTO secuencia .)
    error           reduce using rule 4 (expresion -> CONTEXTO secuencia .)
    MAS             shift and go to state 68


state 70

    (10) termino -> termino URGENTE .

    URGENTE         reduce using rule 10 (termino -> termino URGENTE .)
    MAS             reduce using rule 10 (termino -> termino URGENTE .)
    O               reduce using rule 10 (termino -> termino URGENTE .)
    FIN_EXPR        reduce using rule 10 (termino -> termino URGENTE .)
    $end            reduce using rule 10 (termino -> termino URGENTE .)
    RPAREN          reduce using rule 10 (termino -> termino URGENTE .)
    error           reduce using rule 10 (termino -> termino URGENTE .)


state 71

    (9) termino -> NEG termino .
    (10) termino -> termino . URGENTE

    URGENTE         reduce using rule 9 (termino -> NEG termino .)
    MAS             reduce using rule 9 (termino -> NEG termino .)
    O               reduce using rule 9 (termino -> NEG termino .)
    FIN_EXPR        reduce using rule 9 (termino -> NEG termino .)
    $end            reduce using rule 9 (termino -> NEG termino .)
    RPAREN          reduce using rule 9 (termino -> NEG termino .)
    error           reduce using rule 9 (termino -> NEG termino .)

  ! URGENTE         [ shift and go to state 70 ]


state 72

    (11) termino -> LPAREN expresion . RPAREN
    (12) termino -> LPAREN expresion . RPAREN URGENTE
    (13) termino -> LPAREN expresion . error
    (5) expresion -> expresion . O secuencia

    RPAREN          shift and go to state 78
    error           shift and go to state 79
    O               shift and go to state 67


state 73

    (14) termino -> LPAREN RPAREN .

    URGENTE         reduce using rule 14 (termino -> LPAREN RPAREN .)
    MAS             reduce using rule 14 (termino -> LPAREN RPAREN .)
    O               reduce using rule 14 (termino -> LPAREN RPAREN .)
    FIN_EXPR        reduce using rule 14 (termino -> LPAREN RPAREN .)
    $end            reduce using rule 14 (termino -> LPAREN RPAREN .)
    RPAREN          reduce using rule 14 (termino -> LPAREN RPAREN .)
    error           reduce using rule 14 (termino -> LPAREN RPAREN .)


state 74

    (2) programa -> programa FIN_EXPR expresion .
    (5) expresion -> expresion . O secuencia

    FIN_EXPR        reduce using rule 2 (programa -> programa FIN_EXPR expresion .)
    $end            reduce using rule 2 (programa -> programa FIN_EXPR expresion .)
    O               shift and go to state 67


state 75

    (5) expresion -> expresion O secuencia .
    (7) secuencia -> secuencia . MAS termino
    (72) secuencia -> secuencia . MAS error

    O               reduce using rule 5 (expresion -> expresion O secuencia .)
    FIN_EXPR        reduce using rule 5 (expresion -> expresion O secuencia .)
    $end            reduce using rule 5 (expresion -> expresion O secuencia .)
    RPAREN          reduce using rule 5 (expresion -> expresion O secuencia .)
    error           reduce using rule 5 (expresion -> expresion O secuencia .)
    MAS             shift and go to state 68


state 76

    (7) secuencia -> secuencia MAS termino .
    (10) termino -> termino . URGENTE

    MAS             reduce using rule 7 (secuencia -> secuencia MAS termino .)
    O               reduce using rule 7 (secuencia -> secuencia MAS termino .)
    FIN_EXPR        reduce using rule 7 (secuencia -> secuencia MAS termino .)
    $end            reduce using rule 7 (secuencia -> secuencia MAS termino .)
    RPAREN          reduce using rule 7 (secuencia -> secuencia MAS termino .)
    error           reduce using rule 7 (secuencia -> secuencia MAS termino .)
    URGENTE         shift and go to state 70


state 77

    (72) secuencia -> secuencia MAS error .

    MAS             reduce using rule 72 (secuencia -> secuencia MAS error .)
    O               reduce using rule 72 (secuencia -> secuencia MAS error .)
    FIN_EXPR        reduce using rule 72 (secuencia -> secuencia MAS error .)
    $end            reduce using rule 72 (secuencia -> secuencia MAS error .)
    RPAREN          reduce using rule 72 (secuencia -> secuencia MAS error .)
    error           reduce using rule 72 (secuencia -> secuencia MAS error .)


state 78

    (11) termino -> LPAREN expresion RPAREN .
    (12) termino -> LPAREN expresion RPAREN . URGENTE

    URGENTE         reduce using rule 11 (termino -> LPAREN expresion RPAREN .)
    MAS             reduce using rule 11 (termino -> LPAREN expresion RPAREN .)
    O               reduce using rule 11 (termino -> LPAREN expresion RPAREN .)
    FIN_EXPR        reduce using rule 11 (termino -> LPAREN expresion RPAREN .)
    $end            reduce using rule 11 (termino -> LPAREN expresion RPAREN .)
    RPAREN          reduce using rule 11 (termino -> LPAREN expresion RPAREN .)
    error           reduce using rule 11 (termino -> LPAREN expresion RPAREN .)

  ! URGENTE         [ shift and go to state 80 ]


state 79

    (13) termino -> LPAREN expresion error .

    URGENTE         reduce using rule 13 (termino -> LPAREN expresion error .)
    MAS             reduce using rule 13 (termino -> LPAREN expresion error .)
    O               reduce using rule 13 (termino -> LPAREN expresion error .)
    FIN_EXPR        reduce using rule 13 (termino -> LPAREN expresion error .)
    $end            reduce using rule 13 (termino -> LPAREN expresion error .)
    RPAREN          reduce using rule 13 (termino -> LPAREN expresion error .)
    error           reduce using rule 13 (termino -> LPAREN expresion error .)


state 80

    (12) termino -> LPAREN expresion RPAREN URGENTE .

    URGENTE         reduce using rule 12 (termino -> LPAREN expresion RPAREN URGENTE .)
    MAS             reduce using rule 12 (termino -> LPAREN expresion RPAREN URGENTE .)
    O               reduce using rule 12 (termino -> LPAREN expresion RPAREN URGENTE .)
    FIN_EXPR        reduce using rule 12 (termino -> LPAREN expresion RPAREN URGENTE .)
    $end            reduce using rule 12 (termino -> LPAREN expresion RPAREN URGENTE .)
    RPAREN          reduce using rule 12 (termino -> LPAREN expresion RPAREN URGENTE .)
    error           reduce using rule 12 (termino -> LPAREN expresion RPAREN URGENTE .)

